A 7f23f3d92100 2, 1, 0
A 7f23f3d92100 2, 1, 0
A 7f23f3d92100 2, 1, 0
A 7f23f3d92100 2, 1, 0
A 7f23f3d92100 2, 1, 0
A 7f23f3d92100 2, 1, 0
A 7f23f3d92100 2, 1, 0
A 7f23f3d92100 2, 1, 0
A 7f23f3d92100 2, 1, 0
A 7f23f3d92100 2, 1, 0
A 7f23f3d92100 2, 1, 0
A 7f23f3d92100 2, 1, 0
A 7f23f3d92100 2, 1, 0
A 7f23f3d92100 2, 1, 0
A 7f23f3d92100 2, 1, 0
A 7f23f3d92100 2, 1, 0
A 7f23f3d92100 2, 1, 0
A 7f23f3d92100 2, 1, 0
A 7f23f3d92100 2, 1, 0
S 0x7fffbbd84f78, 8
F 7f23f3d92f38 -1, -1, -1
L 0x7fe8d76f8bc8, 8
F 7f23f3d92f38 -1, -1, -1
A 7f23f3d92100 2, 8, 0
A 7f23f3d92100 2, 8, 0
A 7f23f3d92100 2, 8, 0
A 7f23f3d92100 2, 8, 0
A 7f23f3d92100 2, 8, 0
