A 7f23f3d92100 1, 3, 1
A 7f23f3d92100 1, 3, 1
A 7f23f3d92100 1, 3, 1
A 7f23f3d92100 1, 3, 1
A 7f23f3d92100 1, 3, 1
A 7f23f3d92100 1, 3, 1
A 7f23f3d92100 1, 3, 1
A 7f23f3d92100 1, 3, 1
A 7f23f3d92100 1, 3, 1
A 7f23f3d92100 1, 3, 1
A 7f23f3d92100 1, 3, 1
A 7f23f3d92100 1, 3, 1
A 7f23f3d92100 1, 3, 1
A 7f23f3d92100 1, 3, 1
A 7f23f3d92100 1, 3, 1
A 7f23f3d92100 1, 3, 1
A 7f23f3d92100 1, 3, 1
A 7f23f3d92100 1, 3, 1
A 7f23f3d92100 1, 3, 1
A 7f23f3d92100 1, 3, 1
A 7f23f3d92100 1, 3, 1
A 7f23f3d92100 1, 3, 1
A 7f23f3d92100 1, 3, 1
A 7f23f3d92100 1, 3, 1
A 7f23f3d92100 1, 3, 1
A 7f23f3d92100 1, 3, 1
A 7f23f3d92100 1, 3, 1
A 7f23f3d92100 1, 3, 1
A 7f23f3d92100 1, 3, 1
A 7f23f3d92100 1, 3, 1
A 7f23f3d92100 1, 3, 1
A 7f23f3d92100 1, 3, 1
A 7f23f3d92100 1, 3, 1
A 7f23f3d92100 1, 3, 1
A 7f23f3d92100 1, 3, 1
A 7f23f3d92100 1, 3, 1
A 7f23f3d92100 1, 3, 1
A 7f23f3d92100 1, 3, 1